{
    "sarscov2 - fastq - single-end - stub": {
        "content": [
            {
                "0": [
                    [
                        {
                            "id": "test",
                            "single_end": true
                        },
                        "genome.idx:md5,d41d8cd98f00b204e9800998ecf8427e"
                    ]
                ],
                "1": [
                    [
                        {
                            "id": "test",
                            "single_end": true
                        },
                        "test.fq:md5,d41d8cd98f00b204e9800998ecf8427e"
                    ]
                ],
                "2": [
                    [
                        {
                            "id": "test",
                            "single_end": true
                        },
                        "test.json:md5,d41d8cd98f00b204e9800998ecf8427e"
                    ]
                ],
                "3": [
                    "versions.yml:md5,721349aff7673fd153a9e391c7eab88b",
                    "versions.yml:md5,f1355ede970f7e54ac452275cfab13d8"
                ],
                "fastq_filtered": [
                    [
                        {
                            "id": "test",
                            "single_end": true
                        },
                        "test.fq:md5,d41d8cd98f00b204e9800998ecf8427e"
                    ]
                ],
                "index": [
                    [
                        {
                            "id": "test",
                            "single_end": true
                        },
                        "genome.idx:md5,d41d8cd98f00b204e9800998ecf8427e"
                    ]
                ],
                "summary": [
                    [
                        {
                            "id": "test",
                            "single_end": true
                        },
                        "test.json:md5,d41d8cd98f00b204e9800998ecf8427e"
                    ]
                ],
                "versions": [
                    "versions.yml:md5,721349aff7673fd153a9e391c7eab88b",
                    "versions.yml:md5,f1355ede970f7e54ac452275cfab13d8"
                ]
            },
            [
                {
                    "FASTQ_DECONTAMINATE_DEACON:DEACON_FILTER": {
                        "deacon": "0.5.0"
                    }
                },
                {
                    "FASTQ_DECONTAMINATE_DEACON:DEACON_INDEX": {
                        "deacon": "0.5.0"
                    }
                }
            ]
        ],
        "meta": {
            "nf-test": "0.9.3",
            "nextflow": "25.10.0"
        },
        "timestamp": "2025-10-29T16:23:17.92702932"
    },
    "sarscov2 - fastq - paired-end": {
        "content": [
            [
                [
                    {
                        "id": "test",
                        "single_end": false
                    },
                    "test.idx:md5,7437b25e6659ebfd5cf9be7b325f90c3"
                ]
            ],
            [
                [
                    {
                        "id": "test",
                        "single_end": false
                    },
                    [
                        "test_1.fq:md5,bf1aa22249e7e2b462c6be1a53ac55e9",
                        "test_2.fq:md5,d3106ad7395c78a212e6214177d5c054"
                    ]
                ]
            ],
            "test.json",
            [
                {
                    "FASTQ_DECONTAMINATE_DEACON:DEACON_FILTER": {
                        "deacon": "0.5.0"
                    }
                },
                {
                    "FASTQ_DECONTAMINATE_DEACON:DEACON_INDEX": {
                        "deacon": "0.5.0"
                    }
                }
            ]
        ],
        "meta": {
            "nf-test": "0.9.3",
            "nextflow": "25.10.0"
        },
        "timestamp": "2025-10-29T16:23:11.422525467"
    },
    "sarscov2 - fastq - single-end": {
        "content": [
            [
                [
                    {
                        "id": "test",
                        "single_end": true
                    },
                    "test.idx:md5,7437b25e6659ebfd5cf9be7b325f90c3"
                ]
            ],
            [
                [
                    {
                        "id": "test",
                        "single_end": true
                    },
                    "test.fq:md5,2250e99ec61fca0e28e2dcb5124d1a16"
                ]
            ],
            "test.json",
            [
                {
                    "FASTQ_DECONTAMINATE_DEACON:DEACON_FILTER": {
                        "deacon": "0.5.0"
                    }
                },
                {
                    "FASTQ_DECONTAMINATE_DEACON:DEACON_INDEX": {
                        "deacon": "0.5.0"
                    }
                }
            ]
        ],
        "meta": {
            "nf-test": "0.9.3",
            "nextflow": "25.10.0"
        },
        "timestamp": "2025-10-29T16:23:02.404065827"
    }
}