{
    "proteomics - switch_score - idxml - stub": {
        "content": [
            {
                "0": [
                    [
                        {
                            "id": "test"
                        },
                        "test.idXML:md5,d41d8cd98f00b204e9800998ecf8427e"
                    ]
                ],
                "1": [
                    "versions.yml:md5,658341a6b21a155b1c141c94c54c4ae3"
                ],
                "idxml": [
                    [
                        {
                            "id": "test"
                        },
                        "test.idXML:md5,d41d8cd98f00b204e9800998ecf8427e"
                    ]
                ],
                "versions": [
                    "versions.yml:md5,658341a6b21a155b1c141c94c54c4ae3"
                ]
            }
        ],
        "meta": {
            "nf-test": "0.9.3",
            "nextflow": "25.04.8"
        },
        "timestamp": "2025-10-28T09:04:11.118518193"
    },
    "proteomics - switch_score - idxml": {
        "content": [
            {
                "0": [
                    [
                        {
                            "id": "test"
                        },
                        "test.idXML:md5,0db3dfe3dc491ec94ebd951ca6e2c2e4"
                    ]
                ],
                "1": [
                    "versions.yml:md5,658341a6b21a155b1c141c94c54c4ae3"
                ],
                "idxml": [
                    [
                        {
                            "id": "test"
                        },
                        "test.idXML:md5,0db3dfe3dc491ec94ebd951ca6e2c2e4"
                    ]
                ],
                "versions": [
                    "versions.yml:md5,658341a6b21a155b1c141c94c54c4ae3"
                ]
            }
        ],
        "meta": {
            "nf-test": "0.9.3",
            "nextflow": "25.04.8"
        },
        "timestamp": "2025-10-28T09:03:44.673575882"
    }
}