{
    "proteomics - split - idxml": {
        "content": [
            {
                "0": [
                    [
                        {
                            "id": "test"
                        },
                        [
                            "HepG2_rep1_small.idXML:md5,43dca2ebea803882b77b1e11bf4950ae",
                            "HepG2_rep2_small.idXML:md5,56edb81c2cf6e8444be8c0a6489f361f"
                        ]
                    ]
                ],
                "1": [
                    "versions.yml:md5,3949806b2abeb3db36c6dc0596f39a14"
                ],
                "idxmls": [
                    [
                        {
                            "id": "test"
                        },
                        [
                            "HepG2_rep1_small.idXML:md5,43dca2ebea803882b77b1e11bf4950ae",
                            "HepG2_rep2_small.idXML:md5,56edb81c2cf6e8444be8c0a6489f361f"
                        ]
                    ]
                ],
                "versions": [
                    "versions.yml:md5,3949806b2abeb3db36c6dc0596f39a14"
                ]
            }
        ],
        "meta": {
            "nf-test": "0.9.3",
            "nextflow": "25.04.8"
        },
        "timestamp": "2025-10-28T08:55:11.687007226"
    },
    "proteomics - split - idxml - stub": {
        "content": [
            {
                "0": [
                    [
                        {
                            "id": "test"
                        },
                        [
                            "test_1.idXML:md5,d41d8cd98f00b204e9800998ecf8427e",
                            "test_2.idXML:md5,d41d8cd98f00b204e9800998ecf8427e"
                        ]
                    ]
                ],
                "1": [
                    "versions.yml:md5,3949806b2abeb3db36c6dc0596f39a14"
                ],
                "idxmls": [
                    [
                        {
                            "id": "test"
                        },
                        [
                            "test_1.idXML:md5,d41d8cd98f00b204e9800998ecf8427e",
                            "test_2.idXML:md5,d41d8cd98f00b204e9800998ecf8427e"
                        ]
                    ]
                ],
                "versions": [
                    "versions.yml:md5,3949806b2abeb3db36c6dc0596f39a14"
                ]
            }
        ],
        "meta": {
            "nf-test": "0.9.3",
            "nextflow": "25.04.8"
        },
        "timestamp": "2025-10-28T08:55:38.405209447"
    }
}