{
    "proteomics - refresh_idxml": {
        "content": [
            {
                "0": [
                    [
                        {
                            "id": "test"
                        },
                        "test_indexed.idXML:md5,ab771bf6bec1b88babd608cbf3b57144"
                    ]
                ],
                "1": [
                    "versions.yml:md5,c2965a55db2530b792b1620a935107d2"
                ],
                "indexed_idxml": [
                    [
                        {
                            "id": "test"
                        },
                        "test_indexed.idXML:md5,ab771bf6bec1b88babd608cbf3b57144"
                    ]
                ],
                "versions": [
                    "versions.yml:md5,c2965a55db2530b792b1620a935107d2"
                ]
            }
        ],
        "meta": {
            "nf-test": "0.9.3",
            "nextflow": "25.04.8"
        },
        "timestamp": "2025-10-28T08:11:48.453753483"
    },
    "proteomics - refresh_idxml - stub": {
        "content": [
            {
                "0": [
                    [
                        {
                            "id": "test"
                        },
                        "test_indexed.idXML:md5,d41d8cd98f00b204e9800998ecf8427e"
                    ]
                ],
                "1": [
                    "versions.yml:md5,c2965a55db2530b792b1620a935107d2"
                ],
                "indexed_idxml": [
                    [
                        {
                            "id": "test"
                        },
                        "test_indexed.idXML:md5,d41d8cd98f00b204e9800998ecf8427e"
                    ]
                ],
                "versions": [
                    "versions.yml:md5,c2965a55db2530b792b1620a935107d2"
                ]
            }
        ],
        "meta": {
            "nf-test": "0.9.3",
            "nextflow": "25.04.8"
        },
        "timestamp": "2025-10-28T08:12:25.400421367"
    }
}