{
    "proteomics - mzML": {
        "content": [
            [
                "versions.yml:md5,69c600d25edebd411ef84718668821df"
            ]
        ],
        "meta": {
            "nf-test": "0.9.3",
            "nextflow": "25.04.8"
        },
        "timestamp": "2025-10-28T09:07:00.776951188"
    },
    "proteomics - mzML - stub": {
        "content": [
            {
                "0": [
                    [
                        {
                            "id": "test_stub"
                        },
                        "test_stub.mzML:md5,d41d8cd98f00b204e9800998ecf8427e"
                    ]
                ],
                "1": [
                    "versions.yml:md5,69c600d25edebd411ef84718668821df"
                ],
                "mzml": [
                    [
                        {
                            "id": "test_stub"
                        },
                        "test_stub.mzML:md5,d41d8cd98f00b204e9800998ecf8427e"
                    ]
                ],
                "versions": [
                    "versions.yml:md5,69c600d25edebd411ef84718668821df"
                ]
            }
        ],
        "meta": {
            "nf-test": "0.9.3",
            "nextflow": "25.04.8"
        },
        "timestamp": "2025-10-28T09:07:18.50818535"
    }
}