{
    "sarscov2 - bam - stub": {
        "content": [
            {
                "versions_bamstats": [
                    [
                        "BAMSTATS_GENERALSTATS",
                        "bamstats",
                        "0.3.5"
                    ]
                ]
            }
        ],
        "meta": {
            "nf-test": "0.9.2",
            "nextflow": "25.10.0"
        },
        "timestamp": "2025-10-28T16:24:09.688030951"
    },
    "sarscov2 - bam": {
        "content": [
            {
                "versions_bamstats": [
                    [
                        "BAMSTATS_GENERALSTATS",
                        "bamstats",
                        "0.3.5"
                    ]
                ]
            }
        ],
        "meta": {
            "nf-test": "0.9.2",
            "nextflow": "25.10.0"
        },
        "timestamp": "2025-10-28T16:24:02.056451549"
    }
}