{
    "proteomics - openms - mass_error - stub": {
        "content": [
            {
                "0": [
                    [
                        {
                            "id": "test"
                        },
                        "test_frag_mass_err.tsv:md5,d41d8cd98f00b204e9800998ecf8427e"
                    ]
                ],
                "1": [
                    [
                        {
                            "id": "test"
                        },
                        "test_prec_mass_err.tsv:md5,d41d8cd98f00b204e9800998ecf8427e"
                    ]
                ],
                "2": [
                    "versions.yml:md5,1957953273bbbb30ee405df5972c299a"
                ],
                "frag_err": [
                    [
                        {
                            "id": "test"
                        },
                        "test_frag_mass_err.tsv:md5,d41d8cd98f00b204e9800998ecf8427e"
                    ]
                ],
                "prec_err": [
                    [
                        {
                            "id": "test"
                        },
                        "test_prec_mass_err.tsv:md5,d41d8cd98f00b204e9800998ecf8427e"
                    ]
                ],
                "versions": [
                    "versions.yml:md5,1957953273bbbb30ee405df5972c299a"
                ]
            }
        ],
        "meta": {
            "nf-test": "0.9.3",
            "nextflow": "25.04.8"
        },
        "timestamp": "2025-10-28T08:11:12.815918913"
    },
    "proteomics - openms - mass_error": {
        "content": [
            {
                "0": [
                    [
                        {
                            "id": "test"
                        },
                        "test_frag_mass_err.tsv:md5,b3bf5d66998d83bd69199395843f37e5"
                    ]
                ],
                "1": [
                    
                ],
                "2": [
                    "versions.yml:md5,1957953273bbbb30ee405df5972c299a"
                ],
                "frag_err": [
                    [
                        {
                            "id": "test"
                        },
                        "test_frag_mass_err.tsv:md5,b3bf5d66998d83bd69199395843f37e5"
                    ]
                ],
                "prec_err": [
                    
                ],
                "versions": [
                    "versions.yml:md5,1957953273bbbb30ee405df5972c299a"
                ]
            }
        ],
        "meta": {
            "nf-test": "0.9.3",
            "nextflow": "25.04.8"
        },
        "timestamp": "2025-10-28T08:10:28.906846753"
    }
}