{
    "homo_sapiens - [vcf] - tsv - custom_header": {
        "content": [
            {
                "0": [
                    [
                        {
                            "id": "test"
                        },
                        "test.tsv:md5,a000109bce654d2d6f8ce132c03d27b4"
                    ]
                ],
                "1": [
                    "versions.yml:md5,24635137815ac702717f1edf14621d8c"
                ],
                "table": [
                    [
                        {
                            "id": "test"
                        },
                        "test.tsv:md5,a000109bce654d2d6f8ce132c03d27b4"
                    ]
                ],
                "versions": [
                    "versions.yml:md5,24635137815ac702717f1edf14621d8c"
                ]
            }
        ],
        "meta": {
            "nf-test": "0.9.3",
            "nextflow": "25.10.0"
        },
        "timestamp": "2025-10-29T16:45:22.931526"
    },
    "homo_sapiens - [vcf] - tsv": {
        "content": [
            {
                "0": [
                    [
                        {
                            "id": "test"
                        },
                        "test.tsv:md5,bc377c509db1bea19cb2d13b7e3b5480"
                    ]
                ],
                "1": [
                    "versions.yml:md5,24635137815ac702717f1edf14621d8c"
                ],
                "table": [
                    [
                        {
                            "id": "test"
                        },
                        "test.tsv:md5,bc377c509db1bea19cb2d13b7e3b5480"
                    ]
                ],
                "versions": [
                    "versions.yml:md5,24635137815ac702717f1edf14621d8c"
                ]
            }
        ],
        "meta": {
            "nf-test": "0.9.3",
            "nextflow": "25.10.0"
        },
        "timestamp": "2025-10-29T16:44:33.392488"
    },
    "homo_sapiens - [bcf.gz] - tsv": {
        "content": [
            {
                "0": [
                    [
                        {
                            "id": "test"
                        },
                        "test.tsv:md5,f0d357c993b9c0463b4564681ffffa2e"
                    ]
                ],
                "1": [
                    "versions.yml:md5,24635137815ac702717f1edf14621d8c"
                ],
                "table": [
                    [
                        {
                            "id": "test"
                        },
                        "test.tsv:md5,f0d357c993b9c0463b4564681ffffa2e"
                    ]
                ],
                "versions": [
                    "versions.yml:md5,24635137815ac702717f1edf14621d8c"
                ]
            }
        ],
        "meta": {
            "nf-test": "0.9.3",
            "nextflow": "25.10.0"
        },
        "timestamp": "2025-10-29T16:44:48.817287"
    },
    "homo_sapiens - [vcf] - csv - custom_separator": {
        "content": [
            {
                "0": [
                    [
                        {
                            "id": "test"
                        },
                        "test.tsv:md5,f8616b2040be43518e270c02aac600f6"
                    ]
                ],
                "1": [
                    "versions.yml:md5,24635137815ac702717f1edf14621d8c"
                ],
                "table": [
                    [
                        {
                            "id": "test"
                        },
                        "test.tsv:md5,f8616b2040be43518e270c02aac600f6"
                    ]
                ],
                "versions": [
                    "versions.yml:md5,24635137815ac702717f1edf14621d8c"
                ]
            }
        ],
        "meta": {
            "nf-test": "0.9.3",
            "nextflow": "25.10.0"
        },
        "timestamp": "2025-10-29T16:45:03.973682"
    },
    "homo_sapiens - [vcf] - tsv - stub": {
        "content": [
            {
                "0": [
                    [
                        {
                            "id": "test"
                        },
                        "test.tsv:md5,d41d8cd98f00b204e9800998ecf8427e"
                    ]
                ],
                "1": [
                    "versions.yml:md5,24635137815ac702717f1edf14621d8c"
                ],
                "table": [
                    [
                        {
                            "id": "test"
                        },
                        "test.tsv:md5,d41d8cd98f00b204e9800998ecf8427e"
                    ]
                ],
                "versions": [
                    "versions.yml:md5,24635137815ac702717f1edf14621d8c"
                ]
            },
            {
                "VEMBRANE_TABLE": {
                    "vembrane": "2.4.0"
                }
            }
        ],
        "meta": {
            "nf-test": "0.9.3",
            "nextflow": "25.10.0"
        },
        "timestamp": "2025-10-29T16:45:36.132566"
    }
}