{
    "test_openms_decoydatabase": {
        "content": [
            {
                "0": [
                    [
                        {
                            "id": "test"
                        },
                        "yeast_UPS_decoy.fasta:md5,96c0295f69e0cb92b705ca4c33e6f047"
                    ]
                ],
                "1": [
                    "versions.yml:md5,3faa02db1ca8efaa13ffb542d3a418f0"
                ],
                "decoy_fasta": [
                    [
                        {
                            "id": "test"
                        },
                        "yeast_UPS_decoy.fasta:md5,96c0295f69e0cb92b705ca4c33e6f047"
                    ]
                ],
                "versions": [
                    "versions.yml:md5,3faa02db1ca8efaa13ffb542d3a418f0"
                ]
            }
        ],
        "meta": {
            "nf-test": "0.9.3",
            "nextflow": "25.04.8"
        },
        "timestamp": "2025-10-28T07:59:28.940912845"
    }
}