{
    "test-picard-mergesamfiles-stub": {
        "content": [
            {
                "0": [
                    [
                        {
                            "id": "test",
                            "single_end": false
                        },
                        "test.bam:md5,d41d8cd98f00b204e9800998ecf8427e"
                    ]
                ],
                "1": [
                    "versions.yml:md5,31ced05bc2f0dce0b11a752a89130dcb"
                ],
                "bam": [
                    [
                        {
                            "id": "test",
                            "single_end": false
                        },
                        "test.bam:md5,d41d8cd98f00b204e9800998ecf8427e"
                    ]
                ],
                "versions": [
                    "versions.yml:md5,31ced05bc2f0dce0b11a752a89130dcb"
                ]
            }
        ],
        "meta": {
            "nf-test": "0.9.2",
            "nextflow": "24.10.5"
        },
        "timestamp": "2025-10-31T14:53:39.007529"
    },
    "test-picard-mergesamfiles": {
        "content": [
            "730da54c088350ff625d34b95e623dca",
            [
                "versions.yml:md5,31ced05bc2f0dce0b11a752a89130dcb"
            ]
        ],
        "meta": {
            "nf-test": "0.9.2",
            "nextflow": "25.04.7"
        },
        "timestamp": "2025-09-15T11:02:06.505999205"
    }
}