{
    "proteomics - filter - idxml - stub": {
        "content": [
            {
                "0": [
                    [
                        {
                            "id": "test"
                        },
                        "test.idXML:md5,d41d8cd98f00b204e9800998ecf8427e"
                    ]
                ],
                "1": [
                    "versions.yml:md5,992aca62fe3990b1ebb21d11e999dd67"
                ],
                "filtered": [
                    [
                        {
                            "id": "test"
                        },
                        "test.idXML:md5,d41d8cd98f00b204e9800998ecf8427e"
                    ]
                ],
                "versions": [
                    "versions.yml:md5,992aca62fe3990b1ebb21d11e999dd67"
                ]
            }
        ],
        "meta": {
            "nf-test": "0.9.3",
            "nextflow": "25.04.8"
        },
        "timestamp": "2025-10-28T08:37:44.032335833"
    },
    "proteomics - filter - idxml": {
        "content": [
            {
                "0": [
                    [
                        {
                            "id": "test"
                        },
                        "test.idXML:md5,b91c37a92b2d037368cfedde120dc845"
                    ]
                ],
                "1": [
                    "versions.yml:md5,992aca62fe3990b1ebb21d11e999dd67"
                ],
                "filtered": [
                    [
                        {
                            "id": "test"
                        },
                        "test.idXML:md5,b91c37a92b2d037368cfedde120dc845"
                    ]
                ],
                "versions": [
                    "versions.yml:md5,992aca62fe3990b1ebb21d11e999dd67"
                ]
            }
        ],
        "meta": {
            "nf-test": "0.9.3",
            "nextflow": "25.04.8"
        },
        "timestamp": "2025-10-28T08:37:18.617593794"
    }
}