{
    "proteomics - openms - idxml": {
        "content": [
            [
                "versions.yml:md5,80b0fb4560c930fd7b9c31dbbd3f66d2"
            ]
        ],
        "meta": {
            "nf-test": "0.9.3",
            "nextflow": "25.04.8"
        },
        "timestamp": "2025-10-28T08:54:12.914656629"
    },
    "proteomics - openms - idxml - stub": {
        "content": [
            {
                "0": [
                    [
                        {
                            "id": "test"
                        },
                        "test.idXML:md5,d41d8cd98f00b204e9800998ecf8427e"
                    ]
                ],
                "1": [
                    "versions.yml:md5,80b0fb4560c930fd7b9c31dbbd3f66d2"
                ],
                "idxml": [
                    [
                        {
                            "id": "test"
                        },
                        "test.idXML:md5,d41d8cd98f00b204e9800998ecf8427e"
                    ]
                ],
                "versions": [
                    "versions.yml:md5,80b0fb4560c930fd7b9c31dbbd3f66d2"
                ]
            }
        ],
        "meta": {
            "nf-test": "0.9.3",
            "nextflow": "25.04.8"
        },
        "timestamp": "2025-10-28T08:54:41.780756135"
    }
}